Component: Arm Compiler for Embedded 6.19 Tool: armlink [5e73cb00]

==============================================================================

Section Cross References

    main.o(RESET) refers to main.o(STACK) for __initial_sp
    main.o(RESET) refers to main.o(.text) for Reset_Handler
    main.o(RESET) refers to main.o(button) for Button_Handler
    main.o(.text) refers to main.o(main) for __main
    main.o(button) refers to main.o(main) for menuCursor
    main.o(main) refers to image.o(.rodata.image) for image
    main.o(main) refers to options.o(.rodata.options) for options
    main.o(main) refers to nums.o(.rodata.nums) for nums


==============================================================================

Removing Unused input sections from the image.

    Removing image.o(.text), (0 bytes).
    Removing nums.o(.text), (0 bytes).
    Removing options.o(.text), (0 bytes).

3 unused section(s) (total 0 bytes) removed from the image.

==============================================================================

Image Symbol Table

    Local Symbols

    Symbol Name                              Value     Ov Type        Size  Object(Section)

    image.c                                  0x00000000   Number         0  image.o ABSOLUTE
    main.s                                   0x00000000   Number         0  main.o ABSOLUTE
    nums.c                                   0x00000000   Number         0  nums.o ABSOLUTE
    options.c                                0x00000000   Number         0  options.o ABSOLUTE
    RESET                                    0x00000000   Section       68  main.o(RESET)
    .text                                    0x00000044   Section       20  main.o(.text)
    button                                   0x00000058   Section      152  main.o(button)
    reflectVert                              0x000000f1   Thumb Code    74  main.o(main)
    main                                     0x000000f0   Section      496  main.o(main)
    reflectHorz                              0x0000013b   Thumb Code    66  main.o(main)
    menuCursor                               0x0000017d   Thumb Code    98  main.o(main)
    drawImg                                  0x000001df   Thumb Code    80  main.o(main)
    STACK                                    0x20000000   Section     1024  main.o(STACK)
    __initial_sp                             0x20000400   Data           0  main.o(STACK)

    Global Symbols

    Symbol Name                              Value     Ov Type        Size  Object(Section)

    BuildAttributes$$THM_ISAv3M$S$PE$A:L22$X:L11$S22$IEEE1$IW$~IW$USESV6$~STKCKD$USESV7$~SHL$OSPACE$EBA8$STANDARDLIB$REQ8$EABIv2 0x00000000   Number         0  anon$$obj.o ABSOLUTE
    __Vectors                                0x00000000   Data           4  main.o(RESET)
    Reset_Handler                            0x00000045   Thumb Code    12  main.o(.text)
    __Vectors_End                            0x00000044   Data           0  main.o(RESET)
    Button_Handler                           0x00000059   Thumb Code   122  main.o(button)
    __main                                   0x0000022f   Thumb Code    82  main.o(main)
    image                                    0x000002e0   Data       19200  image.o(.rodata.image)
    nums                                     0x00004de0   Data        3600  nums.o(.rodata.nums)
    options                                  0x00005bf0   Data        6400  options.o(.rodata.options)



==============================================================================

Memory Map of the image

  Image Entry point : 0x000000f1

  Load Region LR_IROM1 (Base: 0x00000000, Size: 0x000074f0, Max: 0x00040000, ABSOLUTE)

    Execution Region ER_IROM1 (Exec base: 0x00000000, Load base: 0x00000000, Size: 0x000074f0, Max: 0x00040000, ABSOLUTE)

    Exec Addr    Load Addr    Size         Type   Attr      Idx    E Section Name        Object

    0x00000000   0x00000000   0x00000044   Data   RO            2    RESET               main.o
    0x00000044   0x00000044   0x00000014   Code   RO            3    .text               main.o
    0x00000058   0x00000058   0x00000098   Code   RO            4    button              main.o
    0x000000f0   0x000000f0   0x000001f0   Code   RO            5  * main                main.o
    0x000002e0   0x000002e0   0x00004b00   Data   RO           18    .rodata.image       image.o
    0x00004de0   0x00004de0   0x00000e10   Data   RO           24    .rodata.nums        nums.o
    0x00005bf0   0x00005bf0   0x00001900   Data   RO           30    .rodata.options     options.o


    Execution Region RW_IRAM1 (Exec base: 0x20000000, Load base: 0x000074f0, Size: 0x00000400, Max: 0x00020000, ABSOLUTE)

    Exec Addr    Load Addr    Size         Type   Attr      Idx    E Section Name        Object

    0x20000000        -       0x00000400   Zero   RW            1    STACK               main.o


==============================================================================

Image component sizes


      Code (inc. data)   RO Data    RW Data    ZI Data      Debug   Object Name

         0          0      19200          0          0        366   image.o
       668        134         68          0       1024       1324   main.o
         0          0       3600          0          0        363   nums.o
         0          0       6400          0          0        371   options.o

    ----------------------------------------------------------------------
       668        134      29268          0       1024       2424   Object Totals
         0          0          0          0          0          0   (incl. Generated)
         0          0          0          0          0          0   (incl. Padding)

    ----------------------------------------------------------------------
         0          0          0          0          0          0   Library Totals
         0          0          0          0          0          0   (incl. Padding)

    ----------------------------------------------------------------------

==============================================================================


      Code (inc. data)   RO Data    RW Data    ZI Data      Debug   

       668        134      29268          0       1024       2320   Grand Totals
       668        134      29268          0       1024       2320   ELF Image Totals
       668        134      29268          0          0          0   ROM Totals

==============================================================================

    Total RO  Size (Code + RO Data)                29936 (  29.23kB)
    Total RW  Size (RW Data + ZI Data)              1024 (   1.00kB)
    Total ROM Size (Code + RO Data + RW Data)      29936 (  29.23kB)

==============================================================================

